
===========================================================================
report_checks -unconstrained
===========================================================================
======================= Typical Corner ===================================

Startpoint: _235_ (rising edge-triggered flip-flop clocked by clk)
Endpoint: _228_ (rising edge-triggered flip-flop clocked by clk)
Path Group: clk
Path Type: max

Fanout     Cap    Slew   Delay    Time   Description
-----------------------------------------------------------------------------
                  0.00    0.00    0.00   clock clk (rise edge)
                          0.00    0.00   clock network delay (ideal)
                  0.00    0.00    0.00 ^ _235_/CLK (sky130_fd_sc_hd__dfxtp_1)
     6    0.02    0.17    0.38    0.38 ^ _235_/Q (sky130_fd_sc_hd__dfxtp_1)
                                         bus.UART.uart_core.tx_state[1] (net)
                  0.17    0.00    0.38 ^ _124_/A1 (sky130_fd_sc_hd__a21o_1)
     6    0.02    0.14    0.21    0.59 ^ _124_/X (sky130_fd_sc_hd__a21o_1)
                                         _090_ (net)
                  0.14    0.00    0.59 ^ _133_/D (sky130_fd_sc_hd__and4_2)
     6    0.02    0.11    0.30    0.89 ^ _133_/X (sky130_fd_sc_hd__and4_2)
                                         _096_ (net)
                  0.11    0.00    0.89 ^ _142_/D (sky130_fd_sc_hd__and4_1)
     6    0.02    0.16    0.29    1.18 ^ _142_/X (sky130_fd_sc_hd__and4_1)
                                         _029_ (net)
                  0.16    0.00    1.18 ^ _151_/D (sky130_fd_sc_hd__and4_1)
     6    0.02    0.16    0.30    1.48 ^ _151_/X (sky130_fd_sc_hd__and4_1)
                                         _035_ (net)
                  0.16    0.00    1.48 ^ _160_/D (sky130_fd_sc_hd__and4_1)
     1    0.00    0.05    0.20    1.68 ^ _160_/X (sky130_fd_sc_hd__and4_1)
                                         _041_ (net)
                  0.05    0.00    1.68 ^ _161_/A (sky130_fd_sc_hd__dlymetal6s2s_1)
     6    0.02    0.18    0.19    1.87 ^ _161_/X (sky130_fd_sc_hd__dlymetal6s2s_1)
                                         _042_ (net)
                  0.18    0.00    1.87 ^ _167_/C (sky130_fd_sc_hd__nand3_1)
     2    0.00    0.08    0.11    1.98 v _167_/Y (sky130_fd_sc_hd__nand3_1)
                                         _046_ (net)
                  0.08    0.00    1.98 v _168_/C (sky130_fd_sc_hd__and3_1)
     1    0.00    0.04    0.19    2.16 v _168_/X (sky130_fd_sc_hd__and3_1)
                                         _047_ (net)
                  0.04    0.00    2.16 v _169_/A (sky130_fd_sc_hd__clkbuf_1)
     1    0.00    0.02    0.08    2.24 v _169_/X (sky130_fd_sc_hd__clkbuf_1)
                                         _015_ (net)
                  0.02    0.00    2.24 v _228_/D (sky130_fd_sc_hd__dfxtp_1)
                                  2.24   data arrival time

                  0.00   20.00   20.00   clock clk (rise edge)
                          0.00   20.00   clock network delay (ideal)
                          0.00   20.00   clock reconvergence pessimism
                                 20.00 ^ _228_/CLK (sky130_fd_sc_hd__dfxtp_1)
                         -0.11   19.89   library setup time
                                 19.89   data required time
-----------------------------------------------------------------------------
                                 19.89   data required time
                                 -2.24   data arrival time
-----------------------------------------------------------------------------
                                 17.65   slack (MET)




===========================================================================
report_checks --slack_max -0.01
============================================================================
======================= Typical Corner ===================================

No paths found.


===========================================================================
 report_check_types -max_slew -max_cap -max_fanout -violators
============================================================================
======================= Typical Corner ===================================


max slew violations count Typical: 0
max fanout violations count Typical: 0
max cap violations count Typical: 0

===========================================================================
report_parasitic_annotation -report_unannotated
============================================================================
Found 49 unannotated drivers.
 clk
 in[0]
 in[10]
 in[11]
 in[12]
 in[13]
 in[14]
 in[15]
 in[1]
 in[2]
 in[3]
 in[4]
 in[5]
 in[6]
 in[7]
 in[8]
 in[9]
 rx
 sda_io
 _267__29/LO
 _267__5/HI
 _268__26/LO
 _268__6/HI
 _269__27/LO
 _269__7/HI
 _270__28/LO
 _270__8/HI
 clkbuf_0_clk/X
 clkbuf_2_0__f_clk/X
 clkbuf_2_1__f_clk/X
 clkbuf_2_2__f_clk/X
 clkbuf_2_3__f_clk/X
 mcu_10/HI
 mcu_11/HI
 mcu_12/HI
 mcu_13/HI
 mcu_14/HI
 mcu_15/HI
 mcu_16/HI
 mcu_17/HI
 mcu_18/HI
 mcu_19/HI
 mcu_20/HI
 mcu_21/HI
 mcu_22/HI
 mcu_23/HI
 mcu_24/HI
 mcu_25/HI
 mcu_9/HI
Found 4 partially unannotated drivers.
 io[0]
 io[1]
 io[2]
 io[3]

===========================================================================
max slew violation count 0
max fanout violation count 0
max cap violation count 0
============================================================================

===========================================================================
check_setup -verbose -unconstrained_endpoints -multiple_clock -no_clock -no_input_delay -loops -generated_clocks
===========================================================================
Warning: There are 23 input ports missing set_input_delay.
  in[0]
  in[10]
  in[11]
  in[12]
  in[13]
  in[14]
  in[15]
  in[1]
  in[2]
  in[3]
  in[4]
  in[5]
  in[6]
  in[7]
  in[8]
  in[9]
  io[0]
  io[1]
  io[2]
  io[3]
  rst
  rx
  sda_io
Warning: There are 25 unconstrained endpoints.
  cs
  io[0]
  io[1]
  io[2]
  io[3]
  out[0]
  out[10]
  out[11]
  out[12]
  out[13]
  out[14]
  out[15]
  out[1]
  out[2]
  out[3]
  out[4]
  out[5]
  out[6]
  out[7]
  out[8]
  out[9]
  scl_io
  sclk
  sda_io
  tx
