
===========================================================================
report_checks -unconstrained
===========================================================================
======================= Typical Corner ===================================

Startpoint: _234_ (rising edge-triggered flip-flop clocked by clk)
Endpoint: _228_ (rising edge-triggered flip-flop clocked by clk)
Path Group: clk
Path Type: max

Fanout     Cap    Slew   Delay    Time   Description
-----------------------------------------------------------------------------
                  0.00    0.00    0.00   clock clk (rise edge)
                          0.00    0.00   clock network delay (ideal)
                  0.00    0.00    0.00 ^ _234_/CLK (sky130_fd_sc_hd__dfxtp_2)
     8    0.03    0.16    0.39    0.39 ^ _234_/Q (sky130_fd_sc_hd__dfxtp_2)
                                         bus.UART.uart_core.tx_state[0] (net)
                  0.16    0.00    0.39 ^ _124_/A2 (sky130_fd_sc_hd__a21o_2)
     6    0.02    0.11    0.21    0.60 ^ _124_/X (sky130_fd_sc_hd__a21o_2)
                                         _090_ (net)
                  0.11    0.00    0.60 ^ _133_/D (sky130_fd_sc_hd__and4_2)
     6    0.02    0.13    0.31    0.91 ^ _133_/X (sky130_fd_sc_hd__and4_2)
                                         _096_ (net)
                  0.13    0.00    0.91 ^ _142_/D (sky130_fd_sc_hd__and4_2)
     6    0.02    0.13    0.31    1.22 ^ _142_/X (sky130_fd_sc_hd__and4_2)
                                         _029_ (net)
                  0.13    0.00    1.22 ^ _151_/D (sky130_fd_sc_hd__and4_2)
     6    0.02    0.13    0.31    1.53 ^ _151_/X (sky130_fd_sc_hd__and4_2)
                                         _035_ (net)
                  0.13    0.00    1.53 ^ _160_/D (sky130_fd_sc_hd__and4_2)
     1    0.00    0.05    0.22    1.75 ^ _160_/X (sky130_fd_sc_hd__and4_2)
                                         _041_ (net)
                  0.05    0.00    1.75 ^ _161_/A (sky130_fd_sc_hd__buf_1)
     6    0.02    0.26    0.23    1.98 ^ _161_/X (sky130_fd_sc_hd__buf_1)
                                         _042_ (net)
                  0.26    0.00    1.98 ^ _167_/C (sky130_fd_sc_hd__nand3_2)
     2    0.01    0.07    0.11    2.10 v _167_/Y (sky130_fd_sc_hd__nand3_2)
                                         _046_ (net)
                  0.07    0.00    2.10 v _168_/C (sky130_fd_sc_hd__and3_2)
     1    0.00    0.04    0.21    2.31 v _168_/X (sky130_fd_sc_hd__and3_2)
                                         _047_ (net)
                  0.04    0.00    2.31 v _169_/A (sky130_fd_sc_hd__buf_1)
     1    0.00    0.02    0.08    2.39 v _169_/X (sky130_fd_sc_hd__buf_1)
                                         _015_ (net)
                  0.02    0.00    2.39 v _228_/D (sky130_fd_sc_hd__dfxtp_2)
                                  2.39   data arrival time

                  0.00   20.00   20.00   clock clk (rise edge)
                          0.00   20.00   clock network delay (ideal)
                          0.00   20.00   clock reconvergence pessimism
                                 20.00 ^ _228_/CLK (sky130_fd_sc_hd__dfxtp_2)
                         -0.11   19.89   library setup time
                                 19.89   data required time
-----------------------------------------------------------------------------
                                 19.89   data required time
                                 -2.39   data arrival time
-----------------------------------------------------------------------------
                                 17.50   slack (MET)




===========================================================================
report_checks --slack_max -0.01
============================================================================
======================= Typical Corner ===================================

No paths found.


===========================================================================
 report_check_types -max_slew -max_cap -max_fanout -violators
============================================================================
======================= Typical Corner ===================================


max slew violations count Typical: 0
max fanout violations count Typical: 0
max cap violations count Typical: 0

===========================================================================
report_parasitic_annotation -report_unannotated
============================================================================
Found 210 unannotated drivers.
 clk
 in[0]
 in[10]
 in[11]
 in[12]
 in[13]
 in[14]
 in[15]
 in[1]
 in[2]
 in[3]
 in[4]
 in[5]
 in[6]
 in[7]
 in[8]
 in[9]
 io[0]
 io[1]
 io[2]
 io[3]
 rst
 rx
 sda_io
 _110_/Y
 _111_/Y
 _112_/Y
 _113_/Y
 _114_/X
 _115_/X
 _116_/X
 _117_/X
 _118_/X
 _119_/Y
 _120_/X
 _121_/X
 _122_/Y
 _123_/Y
 _124_/X
 _125_/Y
 _126_/X
 _127_/Y
 _128_/Y
 _129_/X
 _130_/X
 _131_/X
 _132_/X
 _133_/X
 _134_/Y
 _135_/X
 _136_/Y
 _137_/Y
 _138_/X
 _139_/X
 _140_/X
 _141_/X
 _142_/X
 _143_/Y
 _144_/Y
 _145_/Y
 _146_/Y
 _147_/X
 _148_/X
 _149_/X
 _150_/X
 _151_/X
 _152_/Y
 _153_/Y
 _154_/Y
 _155_/Y
 _156_/X
 _157_/X
 _158_/X
 _159_/X
 _160_/X
 _161_/X
 _162_/Y
 _163_/Y
 _164_/Y
 _165_/X
 _166_/X
 _167_/Y
 _168_/X
 _169_/X
 _170_/Y
 _171_/X
 _172_/Y
 _173_/X
 _174_/X
 _175_/X
 _176_/Y
 _177_/X
 _178_/X
 _179_/Y
 _180_/Y
 _181_/X
 _182_/X
 _183_/X
 _184_/X
 _185_/Y
 _186_/Y
 _187_/X
 _188_/X
 _189_/X
 _190_/Y
 _191_/X
 _192_/X
 _193_/Y
 _194_/X
 _195_/Y
 _196_/Y
 _197_/Y
 _198_/X
 _199_/X
 _200_/Y
 _201_/X
 _202_/X
 _203_/X
 _204_/X
 _205_/X
 _206_/X
 _207_/Y
 _208_/X
 _209_/Y
 _210_/Y
 _211_/X
 _212_/X
 _213_/Q
 _214_/Q
 _215_/Q
 _216_/Q
 _217_/Q
 _218_/Q
 _219_/Q
 _220_/Q
 _221_/Q
 _222_/Q
 _223_/Q
 _224_/Q
 _225_/Q
 _226_/Q
 _227_/Q
 _228_/Q
 _229_/Q
 _230_/Q
 _231_/Q
 _232_/Q
 _233_/Q
 _234_/Q
 _235_/Q
 _236_/Q
 _237_/Q
 _238_/Q
 _239_/Q
 _240_/Q
 _241_/Q
 _242_/HI
 _242_/LO
 _243_/HI
 _243_/LO
 _244_/HI
 _244_/LO
 _245_/HI
 _245_/LO
 _246_/HI
 _246_/LO
 _247_/HI
 _247_/LO
 _248_/HI
 _248_/LO
 _249_/HI
 _249_/LO
 _250_/HI
 _250_/LO
 _251_/HI
 _251_/LO
 _252_/HI
 _252_/LO
 _253_/HI
 _253_/LO
 _254_/HI
 _254_/LO
 _255_/HI
 _255_/LO
 _256_/HI
 _256_/LO
 _257_/HI
 _257_/LO
 _258_/HI
 _258_/LO
 _259_/HI
 _259_/LO
 _260_/HI
 _260_/LO
 _261_/HI
 _261_/LO
 _262_/HI
 _262_/LO
 _263_/HI
 _263_/LO
 _264_/HI
 _264_/LO
 _265_/HI
 _265_/LO
 _266_/HI
 _266_/LO
 _267_/Z
 _268_/Z
 _269_/Z
 _270_/Z
Found 0 partially unannotated drivers.

===========================================================================
max slew violation count 0
max fanout violation count 0
max cap violation count 0
============================================================================

===========================================================================
check_setup -verbose -unconstrained_endpoints -multiple_clock -no_clock -no_input_delay -loops -generated_clocks
===========================================================================
Warning: There are 23 input ports missing set_input_delay.
  in[0]
  in[10]
  in[11]
  in[12]
  in[13]
  in[14]
  in[15]
  in[1]
  in[2]
  in[3]
  in[4]
  in[5]
  in[6]
  in[7]
  in[8]
  in[9]
  io[0]
  io[1]
  io[2]
  io[3]
  rst
  rx
  sda_io
Warning: There are 25 unconstrained endpoints.
  cs
  io[0]
  io[1]
  io[2]
  io[3]
  out[0]
  out[10]
  out[11]
  out[12]
  out[13]
  out[14]
  out[15]
  out[1]
  out[2]
  out[3]
  out[4]
  out[5]
  out[6]
  out[7]
  out[8]
  out[9]
  scl_io
  sclk
  sda_io
  tx
