
===========================================================================
 report_power
============================================================================
======================= Fastest Corner ===================================

Group                  Internal  Switching    Leakage      Total
                          Power      Power      Power      Power (Watts)
----------------------------------------------------------------
Sequential             7.37e-05   3.53e-06   4.25e-10   7.73e-05  47.6%
Combinational          4.86e-06   3.57e-06   6.24e-10   8.43e-06   5.2%
Clock                  5.05e-05   2.60e-05   7.84e-10   7.65e-05  47.2%
Macro                  0.00e+00   0.00e+00   0.00e+00   0.00e+00   0.0%
Pad                    0.00e+00   0.00e+00   0.00e+00   0.00e+00   0.0%
----------------------------------------------------------------
Total                  1.29e-04   3.31e-05   1.83e-09   1.62e-04 100.0%
                          79.6%      20.4%       0.0%

======================= Slowest Corner ===================================

Group                  Internal  Switching    Leakage      Total
                          Power      Power      Power      Power (Watts)
----------------------------------------------------------------
Sequential             5.14e-05   2.32e-06   4.02e-07   5.41e-05  47.8%
Combinational          3.64e-06   2.30e-06   4.92e-07   6.43e-06   5.7%
Clock                  3.59e-05   1.67e-05   9.55e-08   5.26e-05  46.5%
Macro                  0.00e+00   0.00e+00   0.00e+00   0.00e+00   0.0%
Pad                    0.00e+00   0.00e+00   0.00e+00   0.00e+00   0.0%
----------------------------------------------------------------
Total                  9.09e-05   2.13e-05   9.90e-07   1.13e-04 100.0%
                          80.3%      18.8%       0.9%

======================= Typical Corner ===================================

Group                  Internal  Switching    Leakage      Total
                          Power      Power      Power      Power (Watts)
----------------------------------------------------------------
Sequential             6.39e-05   2.97e-06   2.37e-10   6.68e-05  47.7%
Combinational          4.45e-06   2.97e-06   5.15e-10   7.42e-06   5.3%
Clock                  4.40e-05   2.18e-05   5.27e-10   6.58e-05  47.0%
Macro                  0.00e+00   0.00e+00   0.00e+00   0.00e+00   0.0%
Pad                    0.00e+00   0.00e+00   0.00e+00   0.00e+00   0.0%
----------------------------------------------------------------
Total                  1.12e-04   2.78e-05   1.28e-09   1.40e-04 100.0%
                          80.2%      19.8%       0.0%

